// Jest Snapshot v1, https://goo.gl/fbAQLP

exports[`<LoginPage /> Should render and match the snapshot 1`] = `
<div>
  <div>
    <section
      class="Section-ojdkzv-0 CenteredSection-sc-1e2by6n-0 fuuAJb"
    >
      <h2
        class="H2-egphza-0 fehwqM"
      >
        Login
      </h2>
      <form
        class="Form-kd3r69-0 fickPI"
      >
        <div>
          <label
            for="username"
          >
            Username
            <input
              class="Input-sc-19txxuq-0 bqjmLb"
              id="username"
              placeholder=""
              type="text"
              value="TestUser"
            />
          </label>
        </div>
        <div>
          <label
            for="password"
          >
            Password
            <input
              class="Input-sc-19txxuq-0 bqjmLb"
              id="password"
              placeholder=""
              type="password"
              value="TestPassword"
            />
          </label>
        </div>
        <div
          class="Wrapper-sc-5dsnpv-0 bCngtA"
        >
          <input
            class="StyledInputButton-sc-114mby9-0 krjkFi"
            type="submit"
          />
        </div>
      </form>
      <div
        class="Wrapper-sc-5dsnpv-0 bCngtA"
      >
        <a
          class="A-t53uvo-0 kzOpmE"
        >
          Register
        </a>
      </div>
    </section>
  </div>
</div>
`;
