// Jest Snapshot v1, https://goo.gl/fbAQLP

exports[`<App /> should render and match the snapshot 1`] = `
<React.Fragment>
  <Switch>
    <Route
      component={
        Object {
          "$$typeof": Symbol(react.memo),
          "WrappedComponent": [Function],
          "compare": null,
          "displayName": "Connect(withRequireSession(Component))",
          "type": [Function],
        }
      }
      exact={true}
      path="/"
    />
    <Route
      component={
        Object {
          "$$typeof": Symbol(react.memo),
          "WrappedComponent": [Function],
          "compare": null,
          "displayName": "Connect(withDisallowSession(Component))",
          "type": [Function],
        }
      }
      exact={true}
      path="/login"
    />
    <Route
      component={
        Object {
          "$$typeof": Symbol(react.memo),
          "WrappedComponent": [Function],
          "compare": null,
          "displayName": "Connect(withDisallowSession(Component))",
          "type": [Function],
        }
      }
      exact={true}
      path="/register"
    />
    <Route
      component={[Function]}
    />
  </Switch>
  <Memo(GlobalStyleComponent) />
</React.Fragment>
`;
